// Vitest Snapshot v1, https://vitest.dev/guide/snapshot.html

exports[`StudioCliBackend > should write a bootstrap that drives ExecuteRunModeAsync over a result socket 1`] = `
"local HttpService = game:GetService("HttpService")
local StudioTestService = game:GetService("StudioTestService")
local payload = HttpService:JSONDecode([=[{"protocolVersion":5,"test":true,"config":{"configs":[{"testMatch":["**/*.spec","**/*.spec","**/*.test","**/*.test","**/*.spec-d","**/*.test-d","**/*.spec","**/*.spec","**/*.test","**/*.test"],"passWithNoTests":false,"silent":false,"testPathIgnorePatterns":["/node_modules/","/dist/","/out/"],"verbose":false,"testNamePattern":"alpha-pattern","reporters":[]}]},"runtimeStubMounts":[[]]}]=])
local URL = "ws://localhost:<port>"
local REQUEST_ID = [=[<request-id>]=]
local ok, result = pcall(function()
	return StudioTestService:ExecuteRunModeAsync(payload)
end)
local message
if not ok then
	message = { type = "results", requestId = REQUEST_ID, gameOutput = "[]", jestOutput = HttpService:JSONEncode({ err = tostring(result), success = false }) }
elseif typeof(result) ~= "table" or result.jestOutput == nil then
	message = { type = "results", requestId = REQUEST_ID, gameOutput = "[]", jestOutput = HttpService:JSONEncode({ err = "studio-cli: the jest plugin produced no result. Install or update the jest-roblox Studio plugin.", success = false }) }
else
	message = { type = "results", requestId = REQUEST_ID, protocolVersion = result.protocolVersion, gameOutput = result.gameOutput or "[]", jestOutput = result.jestOutput }
end
local encoded = HttpService:JSONEncode(message)
local connected, socket = pcall(function()
	return HttpService:CreateWebStreamClient(Enum.WebStreamClientType.WebSocket, { Url = URL })
end)
if not connected then
	print("studio-cli: failed to open result socket: " .. tostring(socket))
	return
end
local finished = false
socket.Opened:Once(function()
	socket:Send(encoded)
end)
socket.Error:Once(function(_statusCode, errorMessage)
	print("studio-cli: result socket error: " .. tostring(errorMessage))
	finished = true
end)
socket.Closed:Once(function()
	finished = true
end)
local start = os.clock()
while not finished and os.clock() - start < 30 do
	task.wait(0.05)
end
"
`;
