// Vitest Snapshot v1, https://vitest.dev/guide/snapshot.html

exports[`demotePinnedMountsAsync > should fold the pinned class to Folder and drop the properties it carried 1`] = `
"<roblox version="4">
  <Item class="Folder" referent="0">
    <Properties>
      <string name="Name">StarterPlayerScripts</string>
      <BinaryString name="Tags"></BinaryString>
    </Properties>
    <Item class="Folder" referent="1">
      <Properties>
        <string name="Name">Nested</string>
        <int64 name="SourceAssetId">99</int64>
      </Properties>
    </Item>
    <Item class="ModuleScript" referent="2">
      <Properties>
        <string name="Name">Child</string>
      </Properties>
    </Item>
  </Item>
</roblox>"
`;
